// Jest Snapshot v1, https://goo.gl/fbAQLP

exports[`DetailedRecentlyVisitedArticles tests renders correctly 1`] = `
<div>
  <ul
    className="Navbar"
  >
    <a
      href="/"
      onClick={[Function]}
    >
      Search for an article
    </a>
    <a
      href="/recentlyVisited"
      onClick={[Function]}
    >
      Your articles
    </a>
    <li>
      <a
        href="http://github.com/kamil-olejniczak"
        rel="noopener noreferrer"
        target="_blank"
      >
        GitHub
      </a>
    </li>
  </ul>
  <div
    className="DetailedRecentlyVisitedArticles info"
  >
    <div>
      <p>
        <i
          className="fab fa-adn contentSeparator"
        />
        Title: "
        SomeTitle
        ".
      </p>
      <p>
        <i
          className="far fa-calendar-alt contentSeparator"
        />
        Visited on: 
        1970-1-13 11:15:41
        .
      </p>
      <p>
        <i
          className="fas fa-anchor contentSeparator"
        />
        <span
          className="link"
          onClick={[Function]}
        >
          Reload article in our app.
        </span>
        <i
          className="fas fa-arrow-circle-up contentSeparator"
        />
        <a
          href="SomeUrl"
        >
          Revisit this article on original page.
        </a>
      </p>
      <hr />
    </div>
    <div>
      <p>
        <i
          className="fab fa-adn contentSeparator"
        />
        Title: "
        SomeTitle2
        ".
      </p>
      <p>
        <i
          className="far fa-calendar-alt contentSeparator"
        />
        Visited on: 
        1970-1-13 11:15:41
        .
      </p>
      <p>
        <i
          className="fas fa-anchor contentSeparator"
        />
        <span
          className="link"
          onClick={[Function]}
        >
          Reload article in our app.
        </span>
        <i
          className="fas fa-arrow-circle-up contentSeparator"
        />
        <a
          href="SomeUrl2"
        >
          Revisit this article on original page.
        </a>
      </p>
    </div>
  </div>
</div>
`;
